// Jest Snapshot v1, https://goo.gl/fbAQLP

exports[`<WhoWhatWhere /> snapshot matches 1`] = `
<section
  className="who-what-where container-fluid"
>
  <div
    className="row"
  >
    <div
      className="col-md-4"
    >
      <h3>
        Who I am
      </h3>
      <p>
        Someone who has a problem with stereotypes! I began my career in 1999 as a graphic designer, but quickly transitioned into web development and design. Currently, my focus is typically on Full Stack Typescript, React and Node.Js.
      </p>
      <img
        alt="Who I am"
        className="who-i-am"
        src="test-file-stub"
        srcSet="test-file-stub 1.1x"
      />
    </div>
    <div
      className="col-md-4"
    >
      <h3>
        What I do
      </h3>
      <p>
        I collaborate with companies to determine user needs, requirements and goals to develop modern user interfaces and/or full stack applications. I am available for your project or a great permanent full-time role.
      </p>
      <img
        alt="What I do"
        className="what-i-do"
        src="test-file-stub"
        srcSet="test-file-stub 1.1x"
      />
    </div>
    <div
      className="col-md-4"
    >
      <h3>
        Where I'm located
      </h3>
      <p>
        I live in Seattle, Washington. Depending on your location and needs, I am available to work with you in-house, remotely or a combination. I enjoy both and have had plenty of success in both situations.
      </p>
      <img
        alt="Where I'm located"
        className="where-i-am"
        src="test-file-stub"
        srcSet="test-file-stub 1.1x"
      />
    </div>
  </div>
</section>
`;
